C51 COMPILER V9.54   MAIN                                                                  03/06/2021 18:09:40 PAGE 1   


C51 COMPILER V9.54, COMPILATION OF MODULE MAIN
OBJECT MODULE PLACED IN .\Objects\main.obj
COMPILER INVOKED BY: C:\Keil_v5\C51\BIN\C51.EXE main.c OPTIMIZE(8,SPEED) BROWSE DEBUG OBJECTEXTEND PRINT(.\Listings\main
                    -.lst) OBJECT(.\Objects\main.obj)

line level    source

   1          #include <reg52.h>
   2          #include <intrins.h>
   3          #include <string.h> 
   4          
   5          #include "rc522.h"
   6          
   7          typedef unsigned char u8;
   8          typedef unsigned int u16;
   9          
  10          /********************************************************************
  11                                                                  全局变量声明
  12          ********************************************************************/
  13          sbit steering=P2^7;                             //舵机控制端口
  14          sbit gBuzzer=P1^5;
  15          u16 i;
  16          
  17          u8 UID_get[5];                                  //调用PcdAnticoll时的参数，存放得到的卡片UID
  18          u8 pTagType_Get[4];                             //调用PcdRequest时的参数，存放得到的卡片类型代码。此程序暂时用不上。
  19          u16 count = 0;                                  //控制舵机转动角度
  20          u16 time = 0;                                   //计算舵机信号发送时间
  21          
  22          /********************************************************************
  23                                                                  函数原型声明
  24          ********************************************************************/
  25          void init();
  26          void card_identify();
  27          void delayms();
  28          void delayus();
  29          void beep();
  30          
  31          /********************************************************************
  32                                                                  卡片信息
  33          ********************************************************************/
  34          
  35          u8 card1[5] = {0xCF,0x14,0x8A,0x67};
  36          u8 card2[5] = {0xAF,0x0C,0xE2,0x8D};
  37          u8 card3[5] = {0x2F,0x1C,0xBD,0xE7};
  38          u8 card4[5] = {0x8F,0x3B,0xC1,0xE7};
  39          
  40          
  41          
  42          /********************************************************************
  43                                                                  
  44          ********************************************************************/
  45          void sys_init()
  46          {
  47   1              //使用定时器0，模式1，定时时长100us
  48   1              TMOD &= 0xF0;                   //设置定时器模式
  49   1              TMOD |= 0x01;                   //设置定时器模式
  50   1              TL0 = 0x9C;                             //设置定时初值
  51   1              TH0 = 0xFF;                             //设置定时初值
  52   1              TF0 = 0;                                //清除TF0标志
  53   1              TR0 = 1;                                //定时器0开始计时
  54   1              EA = 1;
C51 COMPILER V9.54   MAIN                                                                  03/06/2021 18:09:40 PAGE 2   

  55   1              ET0 = 1;
  56   1              
  57   1              TMOD = 0x21;            // T1设置为8位自动重装载定时器                  
  58   1          SCON = 0x40;                // 串口工作在模式1：8位UART波特率可变，且禁止接收
  59   1          TH1 = 0xE6;                 // 单片机小精灵V1.3算出的2400波特率且波特率
  60   1          TL1 = TH1;                  // 加倍时的定时器设置值。
  61   1          PCON = 0x80;                // 设置为波特率加倍
  62   1              EA = 1;                         // 开总中断
  63   1              ES = 1;                     // 开串口中断
  64   1              TR1 = 1;                    // 定时器1开启计数
  65   1              
  66   1              //初始化RC522模块
  67   1              gBuzzer = 0;
  68   1              PcdReset();                             //复位RC522
  69   1          PcdAntennaOff();            //关天线                
  70   1          PcdAntennaOn();             //开天线
  71   1              M500PcdConfigISOType('A');
  72   1      }
  73          
  74          /********************************************************************
  75                                                                  
  76          ********************************************************************/
  77          void steering_ctrl() interrupt 1
  78          {
  79   1              TL0 = 0x9C;                             //设置定时初值
  80   1              TH0 = 0xFF;                             //设置定时初值
  81   1              TF0 = 0;                                //清除TF0标志
  82   1              TR0 = 1;                                //定时器0开始计时
  83   1              
  84   1              time++;
  85   1              //控制PWM脉冲宽度
  86   1              if (time < count)
  87   1                      steering = 1;
  88   1              else 
  89   1                      steering = 0;
  90   1              if (time>=200)
  91   1                      time = 0;
  92   1      }
  93          
  94          /*********************************************************************
  95          * 函 数 名       : delayms
  96          * 函数功能               : 延时
  97          * 参数列表       : 无
  98          * 函数输出       : 无
  99          *********************************************************************/
 100          void delayms(u8 i)
 101          {
 102   1          unsigned char a,b,c;
 103   1              for(;i>0;i--)
 104   1                 for(c=1;c>0;c--)
 105   1                  for(b=142;b>0;b--)
 106   1                          for(a=2;a>0;a--);
 107   1      }
 108          
 109          
 110          void delay100us()               //@12.000MHz
 111          {
 112   1              unsigned char i, j;
 113   1      
 114   1              i = 2;
 115   1              j = 39;
 116   1              do
C51 COMPILER V9.54   MAIN                                                                  03/06/2021 18:09:40 PAGE 3   

 117   1              {
 118   2                      while (--j);
 119   2              } while (--i);
 120   1      }
 121          
 122          
 123          
 124          /********************************************************************
 125                                                                  
 126          ********************************************************************/
 127          void main()
 128          {
 129   1              sys_init();
 130   1              beep();
 131   1              
 132   1              card_identify();
 133   1      }
 134          
 135          /********************************************************************
 136                                                                  
 137          ********************************************************************/
 138          void card_identify()
 139          {
 140   1              while(1)
 141   1              {
 142   2                      if (PcdRequest(0x52,pTagType_Get)==MI_OK)
 143   2                      {//判断是否进行刷卡
 144   3                              if (PcdAnticoll(UID_get)==MI_OK)
 145   3                              {//若有刷卡，则获取卡片的UID
 146   4                                      if(strcmp(UID_get,card1)==0||strcmp(UID_get,card2)==0||strcmp(UID_get,card3)==0||strcmp(UID_get,card4)
             -==0)
 147   4                                      {//将获取的卡片UID与有效UID比对
 148   5                                              beep();
 149   5                                              count = 10;
 150   5                                              delayms(1500);
 151   5                                              count = 20;
 152   5                                      }
 153   4                              }
 154   3                      }
 155   2              }
 156   1      }
 157          
 158          
 159          void beep()
 160          {
 161   1              u8 a,b,i;
 162   1              for(i=2;i>0;i--){
 163   2                      for(b=50;b>0;b--){
 164   3                              for(a=2;a>0;a--){
 165   4                                      gBuzzer = 0;
 166   4                                      delay100us();
 167   4                                      gBuzzer = 1;
 168   4                                      delay100us();
 169   4                              }
 170   3                 }
 171   2              }
 172   1      }


MODULE INFORMATION:   STATIC OVERLAYABLE
   CODE SIZE        =    296    ----
   CONSTANT SIZE    =   ----    ----
C51 COMPILER V9.54   MAIN                                                                  03/06/2021 18:09:40 PAGE 4   

   XDATA SIZE       =   ----    ----
   PDATA SIZE       =   ----    ----
   DATA SIZE        =     35    ----
   IDATA SIZE       =   ----    ----
   BIT SIZE         =   ----    ----
END OF MODULE INFORMATION.


C51 COMPILATION COMPLETE.  0 WARNING(S),  0 ERROR(S)
